Container example-app_mysql_1  Recreate
Container example-app_mailhog_1  Recreate
Container example-app_redis_1  Recreate
Container example-app_selenium_1  Recreate
Container example-app_meilisearch_1  Recreate
Container example-app_selenium_1  Recreated
Container example-app_mailhog_1  Recreated
Container example-app_meilisearch_1  Recreated
Container example-app_redis_1  Recreated
Container example-app_mysql_1  Recreated
Container example-app_laravel.test_1  Recreate
Container example-app_laravel.test_1  Recreated
Attaching to laravel.test_1, mailhog_1, meilisearch_1, mysql_1, redis_1, selenium_1
mysql_1         | 2021-09-25 14:34:26+00:00 [Note] [Entrypoint]: Entrypoint script for MySQL Server 8.0.26-1debian10 started.
mysql_1         | 2021-09-25 14:34:26+00:00 [Note] [Entrypoint]: Switching to dedicated user 'mysql'
mysql_1         | 2021-09-25 14:34:26+00:00 [Note] [Entrypoint]: Entrypoint script for MySQL Server 8.0.26-1debian10 started.
meilisearch_1   | 
meilisearch_1   | 888b     d888          d8b 888 d8b  .d8888b.                                    888
meilisearch_1   | 8888b   d8888          Y8P 888 Y8P d88P  Y88b                                   888
meilisearch_1   | 88888b.d88888              888     Y88b.                                        888
meilisearch_1   | 888Y88888P888  .d88b.  888 888 888  "Y888b.    .d88b.   8888b.  888d888 .d8888b 88888b.
meilisearch_1   | 888 Y888P 888 d8P  Y8b 888 888 888     "Y88b. d8P  Y8b     "88b 888P"  d88P"    888 "88b
meilisearch_1   | 888  Y8P  888 88888888 888 888 888       "888 88888888 .d888888 888    888      888  888
meilisearch_1   | 888   "   888 Y8b.     888 888 888 Y88b  d88P Y8b.     888  888 888    Y88b.    888  888
meilisearch_1   | 888       888  "Y8888  888 888 888  "Y8888P"   "Y8888  "Y888888 888     "Y8888P 888  888
meilisearch_1   | 
meilisearch_1   | Database path:		"./data.ms"
meilisearch_1   | Server listening on:	"http://0.0.0.0:7700"
meilisearch_1   | Environment:		"development"
meilisearch_1   | Commit SHA:		"928930ddd552596f51280a17c143cf38079cdea9"
meilisearch_1   | Commit date:		"2021-09-13T10:17:10+00:00"
meilisearch_1   | Package version:	"0.22.0"
meilisearch_1   | 
meilisearch_1   | Thank you for using MeiliSearch!
meilisearch_1   | 
meilisearch_1   | We collect anonymized analytics to improve our product and your experience. To learn more, including how to turn off analytics, visit our dedicated documentation page: https://docs.meilisearch.com/learn/what_is_meilisearch/telemetry.html
meilisearch_1   | 
meilisearch_1   | Anonymous telemetry:   "Enabled"
meilisearch_1   | 
meilisearch_1   | No master key found; The server will accept unidentified requests. If you need some protection in development mode, please export a key: export MEILI_MASTER_KEY=xxx
meilisearch_1   | 
meilisearch_1   | Documentation:		https://docs.meilisearch.com
meilisearch_1   | Source code:		https://github.com/meilisearch/meilisearch
meilisearch_1   | Contact:		https://docs.meilisearch.com/resources/contact.html or bonjour@meilisearch.com
meilisearch_1   | 
meilisearch_1   | [2021-09-25T14:34:26Z INFO  actix_server::builder] Starting 8 workers
meilisearch_1   | [2021-09-25T14:34:26Z INFO  actix_server::builder] Starting "actix-web-service-0.0.0.0:7700" service on 0.0.0.0:7700
redis_1         | 1:C 25 Sep 2021 14:34:27.234 # oO0OoO0OoO0Oo Redis is starting oO0OoO0OoO0Oo
redis_1         | 1:C 25 Sep 2021 14:34:27.234 # Redis version=6.2.5, bits=64, commit=00000000, modified=0, pid=1, just started
redis_1         | 1:C 25 Sep 2021 14:34:27.234 # Warning: no config file specified, using the default config. In order to specify a config file use redis-server /path/to/redis.conf
redis_1         | 1:M 25 Sep 2021 14:34:27.236 * monotonic clock: POSIX clock_gettime
redis_1         | 1:M 25 Sep 2021 14:34:27.338 * Running mode=standalone, port=6379.
redis_1         | 1:M 25 Sep 2021 14:34:27.338 # Server initialized
redis_1         | 1:M 25 Sep 2021 14:34:27.338 # WARNING overcommit_memory is set to 0! Background save may fail under low memory condition. To fix this issue add 'vm.overcommit_memory = 1' to /etc/sysctl.conf and then reboot or run the command 'sysctl vm.overcommit_memory=1' for this to take effect.
redis_1         | 1:M 25 Sep 2021 14:34:27.340 * Loading RDB produced by version 6.2.5
redis_1         | 1:M 25 Sep 2021 14:34:27.340 * RDB age 845 seconds
redis_1         | 1:M 25 Sep 2021 14:34:27.340 * RDB memory usage when created 0.77 Mb
redis_1         | 1:M 25 Sep 2021 14:34:27.340 * DB loaded from disk: 0.001 seconds
redis_1         | 1:M 25 Sep 2021 14:34:27.340 * Ready to accept connections
mailhog_1       | 2021/09/25 14:34:27 Using in-memory storage
mailhog_1       | 2021/09/25 14:34:27 [SMTP] Binding to address: 0.0.0.0:1025
mailhog_1       | 2021/09/25 14:34:27 Serving under http://0.0.0.0:8025/
mailhog_1       | [HTTP] Binding to address: 0.0.0.0:8025
mailhog_1       | Creating API v1 with WebPath: 
mailhog_1       | Creating API v2 with WebPath: 
mysql_1         | 2021-09-25T14:34:27.552531Z 0 [System] [MY-010116] [Server] /usr/sbin/mysqld (mysqld 8.0.26) starting as process 1
selenium_1      | 2021-09-25 14:34:27,584 INFO Included extra file "/etc/supervisor/conf.d/selenium.conf" during parsing
selenium_1      | 2021-09-25 14:34:27,590 INFO supervisord started with pid 9
mysql_1         | 2021-09-25T14:34:27.591243Z 1 [System] [MY-013576] [InnoDB] InnoDB initialization has started.
selenium_1      | 2021-09-25 14:34:28,593 INFO spawned: 'xvfb' with pid 11
selenium_1      | 2021-09-25 14:34:28,787 INFO spawned: 'selenium-standalone' with pid 12
selenium_1      | 2021-09-25 14:34:29,807 INFO success: xvfb entered RUNNING state, process has stayed up for > than 0 seconds (startsecs)
selenium_1      | 2021-09-25 14:34:29,807 INFO success: selenium-standalone entered RUNNING state, process has stayed up for > than 0 seconds (startsecs)
mysql_1         | 2021-09-25T14:34:29.906263Z 1 [System] [MY-013577] [InnoDB] InnoDB initialization has ended.
selenium_1      | 14:34:30.564 INFO [GridLauncherV3.parse] - Selenium server version: 3.141.59, revision: e82be7d358
selenium_1      | 14:34:30.766 INFO [GridLauncherV3.lambda$buildLaunchers$3] - Launching a standalone Selenium Server on port 4444
selenium_1      | 2021-09-25 14:34:30.894:INFO::main: Logging initialized @1961ms to org.seleniumhq.jetty9.util.log.StdErrLog
mysql_1         | 2021-09-25T14:34:30.952311Z 0 [Warning] [MY-013746] [Server] A deprecated TLS version TLSv1 is enabled for channel mysql_main
mysql_1         | 2021-09-25T14:34:30.952658Z 0 [Warning] [MY-013746] [Server] A deprecated TLS version TLSv1.1 is enabled for channel mysql_main
mysql_1         | 2021-09-25T14:34:30.973875Z 0 [Warning] [MY-010068] [Server] CA certificate ca.pem is self signed.
mysql_1         | 2021-09-25T14:34:30.974260Z 0 [System] [MY-013602] [Server] Channel mysql_main configured to support TLS. Encrypted connections are now supported for this channel.
mysql_1         | 2021-09-25T14:34:30.986220Z 0 [Warning] [MY-011810] [Server] Insecure configuration for --pid-file: Location '/var/run/mysqld' in the path is accessible to all OS users. Consider choosing a different directory.
mysql_1         | 2021-09-25T14:34:31.035003Z 0 [System] [MY-011323] [Server] X Plugin ready for connections. Bind-address: '::' port: 33060, socket: /var/run/mysqld/mysqlx.sock
mysql_1         | 2021-09-25T14:34:31.035526Z 0 [System] [MY-010931] [Server] /usr/sbin/mysqld: ready for connections. Version: '8.0.26'  socket: '/var/run/mysqld/mysqld.sock'  port: 3306  MySQL Community Server - GPL.
selenium_1      | 14:34:31.347 INFO [WebDriverServlet.<init>] - Initialising WebDriverServlet
laravel.test_1  | 2021-09-25 14:34:31,352 INFO Set uid to user 0 succeeded
laravel.test_1  | 2021-09-25 14:34:31,356 INFO supervisord started with pid 16
selenium_1      | 14:34:32.070 INFO [SeleniumServer.boot] - Selenium Server is up and running on port 4444
laravel.test_1  | 2021-09-25 14:34:32,363 INFO spawned: 'php' with pid 17
laravel.test_1  | 2021-09-25 14:34:33,373 INFO success: php entered RUNNING state, process has stayed up for > than 1 seconds (startsecs)
laravel.test_1  | Starting Laravel development server: http://0.0.0.0:80
laravel.test_1  | [Sat Sep 25 14:34:33 2021] PHP 8.0.11 Development Server (http://0.0.0.0:80) started
meilisearch_1   | [2021-09-25T14:34:56Z INFO  actix_web::middleware::logger] 127.0.0.1:34510 "GET /health HTTP/1.1" 200 22 "-" "Wget" 0.000328
laravel.test_1  | [Sat Sep 25 14:35:08 2021] 172.18.0.1:44592 Accepted
laravel.test_1  | [Sat Sep 25 14:35:13 2021] 172.18.0.1:44592 Closed without sending a request; it was probably just an unused speculative preconnection
laravel.test_1  | [Sat Sep 25 14:35:13 2021] 172.18.0.1:44592 Closing
laravel.test_1  | [Sat Sep 25 14:35:13 2021] 172.18.0.1:44596 Accepted
laravel.test_1  | [Sat Sep 25 14:35:19 2021] 172.18.0.1:44596 Closing
meilisearch_1   | [2021-09-25T14:35:27Z INFO  actix_web::middleware::logger] 127.0.0.1:34524 "GET /health HTTP/1.1" 200 22 "-" "Wget" 0.000198
mailhog_1       | [APIv1] KEEPALIVE /api/v1/events
laravel.test_1  | Environment modified. Restarting server...
laravel.test_1  | [Sat Sep 25 14:35:46 2021] PHP 8.0.11 Development Server (http://0.0.0.0:80) started
meilisearch_1   | [2021-09-25T14:35:57Z INFO  actix_web::middleware::logger] 127.0.0.1:34528 "GET /health HTTP/1.1" 200 22 "-" "Wget" 0.000091
meilisearch_1   | [2021-09-25T14:36:27Z INFO  actix_web::middleware::logger] 127.0.0.1:34532 "GET /health HTTP/1.1" 200 22 "-" "Wget" 0.000127
mailhog_1       | [APIv1] KEEPALIVE /api/v1/events
mailhog_1 exited with code 2
Error: No such container: 6c4d1669a44dd5c7f10db02d7b78187b0b8a9d91a04b5af53773fe36c9b5952f
Network example-app_sail  Creating
Network example-app_sail  Created
Container example-app_mailhog_1  Creating
Container example-app_redis_1  Creating
Container example-app_mysql_1  Creating
Container example-app_meilisearch_1  Creating
Container example-app_selenium_1  Creating
Container example-app_mailhog_1  Created
Container example-app_meilisearch_1  Created
Container example-app_redis_1  Created
Container example-app_mysql_1  Created
Container example-app_selenium_1  Created
Container example-app_laravel.test_1  Creating
Container example-app_laravel.test_1  Created
Attaching to laravel.test_1, mailhog_1, meilisearch_1, mysql_1, redis_1, selenium_1
meilisearch_1   | 
meilisearch_1   | 888b     d888          d8b 888 d8b  .d8888b.                                    888
meilisearch_1   | 8888b   d8888          Y8P 888 Y8P d88P  Y88b                                   888
meilisearch_1   | 88888b.d88888              888     Y88b.                                        888
meilisearch_1   | 888Y88888P888  .d88b.  888 888 888  "Y888b.    .d88b.   8888b.  888d888 .d8888b 88888b.
meilisearch_1   | 888 Y888P 888 d8P  Y8b 888 888 888     "Y88b. d8P  Y8b     "88b 888P"  d88P"    888 "88b
meilisearch_1   | 888  Y8P  888 88888888 888 888 888       "888 88888888 .d888888 888    888      888  888
meilisearch_1   | 888   "   888 Y8b.     888 888 888 Y88b  d88P Y8b.     888  888 888    Y88b.    888  888
meilisearch_1   | 888       888  "Y8888  888 888 888  "Y8888P"   "Y8888  "Y888888 888     "Y8888P 888  888
meilisearch_1   | 
meilisearch_1   | Database path:		"./data.ms"
meilisearch_1   | Server listening on:	"http://0.0.0.0:7700"
meilisearch_1   | Environment:		"development"
meilisearch_1   | Commit SHA:		"928930ddd552596f51280a17c143cf38079cdea9"
meilisearch_1   | Commit date:		"2021-09-13T10:17:10+00:00"
meilisearch_1   | Package version:	"0.22.0"
meilisearch_1   | 
meilisearch_1   | Thank you for using MeiliSearch!
meilisearch_1   | 
meilisearch_1   | We collect anonymized analytics to improve our product and your experience. To learn more, including how to turn off analytics, visit our dedicated documentation page: https://docs.meilisearch.com/learn/what_is_meilisearch/telemetry.html
meilisearch_1   | 
meilisearch_1   | Anonymous telemetry:   "Enabled"
meilisearch_1   | 
meilisearch_1   | No master key found; The server will accept unidentified requests. If you need some protection in development mode, please export a key: export MEILI_MASTER_KEY=xxx
meilisearch_1   | 
meilisearch_1   | Documentation:		https://docs.meilisearch.com
meilisearch_1   | Source code:		https://github.com/meilisearch/meilisearch
meilisearch_1   | Contact:		https://docs.meilisearch.com/resources/contact.html or bonjour@meilisearch.com
meilisearch_1   | 
meilisearch_1   | [2021-09-25T15:10:12Z INFO  actix_server::builder] Starting 8 workers
meilisearch_1   | [2021-09-25T15:10:12Z INFO  actix_server::builder] Starting "actix-web-service-0.0.0.0:7700" service on 0.0.0.0:7700
redis_1         | 1:C 25 Sep 2021 15:10:12.964 # oO0OoO0OoO0Oo Redis is starting oO0OoO0OoO0Oo
redis_1         | 1:C 25 Sep 2021 15:10:12.964 # Redis version=6.2.5, bits=64, commit=00000000, modified=0, pid=1, just started
redis_1         | 1:C 25 Sep 2021 15:10:12.964 # Warning: no config file specified, using the default config. In order to specify a config file use redis-server /path/to/redis.conf
redis_1         | 1:M 25 Sep 2021 15:10:12.965 * monotonic clock: POSIX clock_gettime
redis_1         | 1:M 25 Sep 2021 15:10:12.968 * Running mode=standalone, port=6379.
redis_1         | 1:M 25 Sep 2021 15:10:12.968 # Server initialized
redis_1         | 1:M 25 Sep 2021 15:10:12.968 # WARNING overcommit_memory is set to 0! Background save may fail under low memory condition. To fix this issue add 'vm.overcommit_memory = 1' to /etc/sysctl.conf and then reboot or run the command 'sysctl vm.overcommit_memory=1' for this to take effect.
redis_1         | 1:M 25 Sep 2021 15:10:12.970 * Loading RDB produced by version 6.2.5
redis_1         | 1:M 25 Sep 2021 15:10:12.970 * RDB age 2001 seconds
redis_1         | 1:M 25 Sep 2021 15:10:12.970 * RDB memory usage when created 0.77 Mb
redis_1         | 1:M 25 Sep 2021 15:10:12.970 * DB loaded from disk: 0.001 seconds
redis_1         | 1:M 25 Sep 2021 15:10:12.970 * Ready to accept connections
mailhog_1       | 2021/09/25 15:10:13 Using in-memory storage
mailhog_1       | 2021/09/25 15:10:13 [SMTP] Binding to address: 0.0.0.0:1025
mailhog_1       | [HTTP] Binding to address: 0.0.0.0:8025
mailhog_1       | 2021/09/25 15:10:13 Serving under http://0.0.0.0:8025/
mailhog_1       | Creating API v1 with WebPath: 
mailhog_1       | Creating API v2 with WebPath: 
mysql_1         | 2021-09-25 15:10:14+00:00 [Note] [Entrypoint]: Entrypoint script for MySQL Server 8.0.26-1debian10 started.
mysql_1         | 2021-09-25 15:10:14+00:00 [Note] [Entrypoint]: Switching to dedicated user 'mysql'
mysql_1         | 2021-09-25 15:10:14+00:00 [Note] [Entrypoint]: Entrypoint script for MySQL Server 8.0.26-1debian10 started.
selenium_1      | 2021-09-25 15:10:14,684 INFO Included extra file "/etc/supervisor/conf.d/selenium.conf" during parsing
selenium_1      | 2021-09-25 15:10:14,690 INFO supervisord started with pid 8
mysql_1         | 2021-09-25T15:10:14.885867Z 0 [System] [MY-010116] [Server] /usr/sbin/mysqld (mysqld 8.0.26) starting as process 1
mysql_1         | 2021-09-25T15:10:14.908636Z 1 [System] [MY-013576] [InnoDB] InnoDB initialization has started.
mysql_1         | 2021-09-25T15:10:15.294501Z 1 [System] [MY-013577] [InnoDB] InnoDB initialization has ended.
mysql_1         | 2021-09-25T15:10:15.660173Z 0 [Warning] [MY-013746] [Server] A deprecated TLS version TLSv1 is enabled for channel mysql_main
mysql_1         | 2021-09-25T15:10:15.660392Z 0 [Warning] [MY-013746] [Server] A deprecated TLS version TLSv1.1 is enabled for channel mysql_main
mysql_1         | 2021-09-25T15:10:15.668136Z 0 [Warning] [MY-010068] [Server] CA certificate ca.pem is self signed.
mysql_1         | 2021-09-25T15:10:15.668468Z 0 [System] [MY-013602] [Server] Channel mysql_main configured to support TLS. Encrypted connections are now supported for this channel.
mysql_1         | 2021-09-25T15:10:15.678617Z 0 [Warning] [MY-011810] [Server] Insecure configuration for --pid-file: Location '/var/run/mysqld' in the path is accessible to all OS users. Consider choosing a different directory.
selenium_1      | 2021-09-25 15:10:15,693 INFO spawned: 'xvfb' with pid 10
selenium_1      | 2021-09-25 15:10:15,695 INFO spawned: 'selenium-standalone' with pid 11
mysql_1         | 2021-09-25T15:10:15.740525Z 0 [System] [MY-011323] [Server] X Plugin ready for connections. Bind-address: '::' port: 33060, socket: /var/run/mysqld/mysqlx.sock
mysql_1         | 2021-09-25T15:10:15.740988Z 0 [System] [MY-010931] [Server] /usr/sbin/mysqld: ready for connections. Version: '8.0.26'  socket: '/var/run/mysqld/mysqld.sock'  port: 3306  MySQL Community Server - GPL.
laravel.test_1  | 2021-09-25 15:10:16,067 INFO Set uid to user 0 succeeded
laravel.test_1  | 2021-09-25 15:10:16,072 INFO supervisord started with pid 16
selenium_1      | 15:10:16.329 INFO [GridLauncherV3.parse] - Selenium server version: 3.141.59, revision: e82be7d358
selenium_1      | 2021-09-25 15:10:16,332 INFO success: xvfb entered RUNNING state, process has stayed up for > than 0 seconds (startsecs)
selenium_1      | 2021-09-25 15:10:16,332 INFO success: selenium-standalone entered RUNNING state, process has stayed up for > than 0 seconds (startsecs)
selenium_1      | 15:10:16.463 INFO [GridLauncherV3.lambda$buildLaunchers$3] - Launching a standalone Selenium Server on port 4444
selenium_1      | 2021-09-25 15:10:16.543:INFO::main: Logging initialized @806ms to org.seleniumhq.jetty9.util.log.StdErrLog
selenium_1      | 15:10:16.884 INFO [WebDriverServlet.<init>] - Initialising WebDriverServlet
selenium_1      | 15:10:17.002 INFO [SeleniumServer.boot] - Selenium Server is up and running on port 4444
laravel.test_1  | 2021-09-25 15:10:17,076 INFO spawned: 'php' with pid 17
laravel.test_1  | Starting Laravel development server: http://0.0.0.0:80
laravel.test_1  | [Sat Sep 25 15:10:17 2021] PHP 8.0.11 Development Server (http://0.0.0.0:80) started
laravel.test_1  | 2021-09-25 15:10:18,337 INFO success: php entered RUNNING state, process has stayed up for > than 1 seconds (startsecs)
meilisearch_1   | [2021-09-25T15:10:42Z INFO  actix_web::middleware::logger] 127.0.0.1:34882 "GET /health HTTP/1.1" 200 22 "-" "Wget" 0.001855
meilisearch_1   | [2021-09-25T15:11:12Z INFO  actix_web::middleware::logger] 127.0.0.1:34886 "GET /health HTTP/1.1" 200 22 "-" "Wget" 0.000061
mailhog_1       | [APIv1] KEEPALIVE /api/v1/events
meilisearch_1   | [2021-09-25T15:11:43Z INFO  actix_web::middleware::logger] 127.0.0.1:34890 "GET /health HTTP/1.1" 200 22 "-" "Wget" 0.000081
mailhog_1       | [APIv1] KEEPALIVE /api/v1/events
meilisearch_1   | [2021-09-25T15:12:13Z INFO  actix_web::middleware::logger] 127.0.0.1:34894 "GET /health HTTP/1.1" 200 22 "-" "Wget" 0.000054
meilisearch_1   | [2021-09-25T15:12:43Z INFO  actix_web::middleware::logger] 127.0.0.1:34898 "GET /health HTTP/1.1" 200 22 "-" "Wget" 0.000058
mailhog_1       | [APIv1] KEEPALIVE /api/v1/events
meilisearch_1   | [2021-09-25T15:13:15Z INFO  actix_web::middleware::logger] 127.0.0.1:34902 "GET /health HTTP/1.1" 200 22 "-" "Wget" 0.000352
laravel.test_1  | [Sat Sep 25 15:13:27 2021] 172.19.0.1:54682 Accepted
laravel.test_1  | [Sat Sep 25 15:13:32 2021] 172.19.0.1:54682 Closed without sending a request; it was probably just an unused speculative preconnection
laravel.test_1  | [Sat Sep 25 15:13:32 2021] 172.19.0.1:54682 Closing
meilisearch_1   | [2021-09-25T15:13:45Z INFO  actix_web::middleware::logger] 127.0.0.1:34910 "GET /health HTTP/1.1" 200 22 "-" "Wget" 0.000127
mailhog_1       | [APIv1] KEEPALIVE /api/v1/events
meilisearch_1   | [2021-09-25T15:14:16Z INFO  actix_web::middleware::logger] 127.0.0.1:34914 "GET /health HTTP/1.1" 200 22 "-" "Wget" 0.000959
laravel.test_1  | [Sat Sep 25 15:14:29 2021] 172.19.0.1:54694 Accepted
laravel.test_1  | [Sat Sep 25 15:14:31 2021] 172.19.0.1:54694 Closing
meilisearch_1   | [2021-09-25T15:14:46Z INFO  actix_web::middleware::logger] 127.0.0.1:34922 "GET /health HTTP/1.1" 200 22 "-" "Wget" 0.000100
mailhog_1       | [APIv1] KEEPALIVE /api/v1/events
meilisearch_1   | [2021-09-25T15:15:17Z INFO  actix_web::middleware::logger] 127.0.0.1:34926 "GET /health HTTP/1.1" 200 22 "-" "Wget" 0.000082
meilisearch_1   | [2021-09-25T15:15:47Z INFO  actix_web::middleware::logger] 127.0.0.1:34930 "GET /health HTTP/1.1" 200 22 "-" "Wget" 0.000067
mailhog_1       | [APIv1] KEEPALIVE /api/v1/events
meilisearch_1   | [2021-09-25T15:16:17Z INFO  actix_web::middleware::logger] 127.0.0.1:34934 "GET /health HTTP/1.1" 200 22 "-" "Wget" 0.000060
meilisearch_1   | [2021-09-25T15:16:48Z INFO  actix_web::middleware::logger] 127.0.0.1:34940 "GET /health HTTP/1.1" 200 22 "-" "Wget" 0.000056
mailhog_1       | [APIv1] KEEPALIVE /api/v1/events
meilisearch_1   | [2021-09-25T15:17:18Z INFO  actix_web::middleware::logger] 127.0.0.1:34944 "GET /health HTTP/1.1" 200 22 "-" "Wget" 0.000072
meilisearch_1   | [2021-09-25T15:17:48Z INFO  actix_web::middleware::logger] 127.0.0.1:34948 "GET /health HTTP/1.1" 200 22 "-" "Wget" 0.000056
mailhog_1       | [APIv1] KEEPALIVE /api/v1/events
meilisearch_1   | [2021-09-25T15:18:18Z INFO  actix_web::middleware::logger] 127.0.0.1:34952 "GET /health HTTP/1.1" 200 22 "-" "Wget" 0.000054
meilisearch_1   | [2021-09-25T15:18:49Z INFO  actix_web::middleware::logger] 127.0.0.1:34956 "GET /health HTTP/1.1" 200 22 "-" "Wget" 0.000090
mailhog_1       | [APIv1] KEEPALIVE /api/v1/events
meilisearch_1   | [2021-09-25T15:19:19Z INFO  actix_web::middleware::logger] 127.0.0.1:34960 "GET /health HTTP/1.1" 200 22 "-" "Wget" 0.000055
mysql_1         | mbind: Operation not permitted
meilisearch_1   | [2021-09-25T15:19:49Z INFO  actix_web::middleware::logger] 127.0.0.1:34970 "GET /health HTTP/1.1" 200 22 "-" "Wget" 0.000116
mysql_1         | mbind: Operation not permitted
mailhog_1       | [APIv1] KEEPALIVE /api/v1/events
meilisearch_1   | [2021-09-25T15:20:19Z INFO  actix_web::middleware::logger] 127.0.0.1:34980 "GET /health HTTP/1.1" 200 22 "-" "Wget" 0.000076
meilisearch_1   | [2021-09-25T15:20:50Z INFO  actix_web::middleware::logger] 127.0.0.1:34982 "GET /health HTTP/1.1" 200 22 "-" "Wget" 0.000078
mailhog_1       | [APIv1] KEEPALIVE /api/v1/events
meilisearch_1   | [2021-09-25T15:21:20Z INFO  actix_web::middleware::logger] 127.0.0.1:34986 "GET /health HTTP/1.1" 200 22 "-" "Wget" 0.000070
meilisearch_1   | [2021-09-25T15:21:50Z INFO  actix_web::middleware::logger] 127.0.0.1:34990 "GET /health HTTP/1.1" 200 22 "-" "Wget" 0.000076
mailhog_1       | [APIv1] KEEPALIVE /api/v1/events
meilisearch_1   | [2021-09-25T15:22:20Z INFO  actix_web::middleware::logger] 127.0.0.1:34994 "GET /health HTTP/1.1" 200 22 "-" "Wget" 0.000070
meilisearch_1   | [2021-09-25T15:22:50Z INFO  actix_web::middleware::logger] 127.0.0.1:34998 "GET /health HTTP/1.1" 200 22 "-" "Wget" 0.000066
mailhog_1       | [APIv1] KEEPALIVE /api/v1/events
meilisearch_1   | [2021-09-25T15:23:21Z INFO  actix_web::middleware::logger] 127.0.0.1:35002 "GET /health HTTP/1.1" 200 22 "-" "Wget" 0.000061
meilisearch_1   | [2021-09-25T15:23:51Z INFO  actix_web::middleware::logger] 127.0.0.1:35006 "GET /health HTTP/1.1" 200 22 "-" "Wget" 0.000071
laravel.test_1  | [Sat Sep 25 15:24:01 2021] 172.19.0.1:54786 Accepted
laravel.test_1  | [Sat Sep 25 15:24:06 2021] 172.19.0.1:54786 Closed without sending a request; it was probably just an unused speculative preconnection
laravel.test_1  | [Sat Sep 25 15:24:06 2021] 172.19.0.1:54786 Closing
mailhog_1       | [APIv1] KEEPALIVE /api/v1/events
meilisearch_1   | [2021-09-25T15:24:21Z INFO  actix_web::middleware::logger] 127.0.0.1:35014 "GET /health HTTP/1.1" 200 22 "-" "Wget" 0.000094
meilisearch_1   | [2021-09-25T15:24:51Z INFO  actix_web::middleware::logger] 127.0.0.1:35018 "GET /health HTTP/1.1" 200 22 "-" "Wget" 0.000067
mailhog_1       | [APIv1] KEEPALIVE /api/v1/events
meilisearch_1   | [2021-09-25T15:25:22Z INFO  actix_web::middleware::logger] 127.0.0.1:35024 "GET /health HTTP/1.1" 200 22 "-" "Wget" 0.000079
meilisearch_1   | [2021-09-25T15:25:52Z INFO  actix_web::middleware::logger] 127.0.0.1:35026 "GET /health HTTP/1.1" 200 22 "-" "Wget" 0.000065
mailhog_1       | [APIv1] KEEPALIVE /api/v1/events
meilisearch_1   | [2021-09-25T15:26:22Z INFO  actix_web::middleware::logger] 127.0.0.1:35030 "GET /health HTTP/1.1" 200 22 "-" "Wget" 0.000073
meilisearch_1   | [2021-09-25T15:26:52Z INFO  actix_web::middleware::logger] 127.0.0.1:35036 "GET /health HTTP/1.1" 200 22 "-" "Wget" 0.000071
mailhog_1       | [APIv1] KEEPALIVE /api/v1/events
meilisearch_1   | [2021-09-25T15:27:23Z INFO  actix_web::middleware::logger] 127.0.0.1:35040 "GET /health HTTP/1.1" 200 22 "-" "Wget" 0.000075
meilisearch_1   | [2021-09-25T15:27:53Z INFO  actix_web::middleware::logger] 127.0.0.1:35044 "GET /health HTTP/1.1" 200 22 "-" "Wget" 0.000077
mailhog_1       | [APIv1] KEEPALIVE /api/v1/events
meilisearch_1   | [2021-09-25T15:28:23Z INFO  actix_web::middleware::logger] 127.0.0.1:35048 "GET /health HTTP/1.1" 200 22 "-" "Wget" 0.000069
meilisearch_1   | [2021-09-25T15:28:53Z INFO  actix_web::middleware::logger] 127.0.0.1:35052 "GET /health HTTP/1.1" 200 22 "-" "Wget" 0.000064
mailhog_1       | [APIv1] KEEPALIVE /api/v1/events
meilisearch_1   | [2021-09-25T15:29:24Z INFO  actix_web::middleware::logger] 127.0.0.1:35054 "GET /health HTTP/1.1" 200 22 "-" "Wget" 0.000078
meilisearch_1   | [2021-09-25T15:29:54Z INFO  actix_web::middleware::logger] 127.0.0.1:35058 "GET /health HTTP/1.1" 200 22 "-" "Wget" 0.000098
mailhog_1       | [APIv1] KEEPALIVE /api/v1/events
meilisearch_1   | [2021-09-25T15:30:24Z INFO  actix_web::middleware::logger] 127.0.0.1:35064 "GET /health HTTP/1.1" 200 22 "-" "Wget" 0.000102
meilisearch_1   | [2021-09-25T15:30:54Z INFO  actix_web::middleware::logger] 127.0.0.1:35068 "GET /health HTTP/1.1" 200 22 "-" "Wget" 0.000053
mailhog_1       | [APIv1] KEEPALIVE /api/v1/events
meilisearch_1   | [2021-09-25T15:31:24Z INFO  actix_web::middleware::logger] 127.0.0.1:35072 "GET /health HTTP/1.1" 200 22 "-" "Wget" 0.000106
meilisearch_1   | [2021-09-25T15:31:55Z INFO  actix_web::middleware::logger] 127.0.0.1:35076 "GET /health HTTP/1.1" 200 22 "-" "Wget" 0.000059
mailhog_1       | [APIv1] KEEPALIVE /api/v1/events
meilisearch_1   | [2021-09-25T15:32:25Z INFO  actix_web::middleware::logger] 127.0.0.1:35078 "GET /health HTTP/1.1" 200 22 "-" "Wget" 0.000062
meilisearch_1   | [2021-09-25T15:32:55Z INFO  actix_web::middleware::logger] 127.0.0.1:35082 "GET /health HTTP/1.1" 200 22 "-" "Wget" 0.000083
mailhog_1       | [APIv1] KEEPALIVE /api/v1/events
meilisearch_1   | [2021-09-25T15:33:25Z INFO  actix_web::middleware::logger] 127.0.0.1:35086 "GET /health HTTP/1.1" 200 22 "-" "Wget" 0.000100
meilisearch_1   | [2021-09-25T15:33:55Z INFO  actix_web::middleware::logger] 127.0.0.1:35090 "GET /health HTTP/1.1" 200 22 "-" "Wget" 0.000051
mailhog_1       | [APIv1] KEEPALIVE /api/v1/events
meilisearch_1   | [2021-09-25T15:34:25Z INFO  actix_web::middleware::logger] 127.0.0.1:35094 "GET /health HTTP/1.1" 200 22 "-" "Wget" 0.000111
meilisearch_1   | [2021-09-25T15:34:56Z INFO  actix_web::middleware::logger] 127.0.0.1:35098 "GET /health HTTP/1.1" 200 22 "-" "Wget" 0.000064
mailhog_1       | [APIv1] KEEPALIVE /api/v1/events
meilisearch_1   | [2021-09-25T15:35:26Z INFO  actix_web::middleware::logger] 127.0.0.1:35102 "GET /health HTTP/1.1" 200 22 "-" "Wget" 0.000094
laravel.test_1  | [Sat Sep 25 15:35:28 2021] 172.19.0.1:54882 Accepted
laravel.test_1  | [Sat Sep 25 15:35:33 2021] 172.19.0.1:54882 Closed without sending a request; it was probably just an unused speculative preconnection
laravel.test_1  | [Sat Sep 25 15:35:33 2021] 172.19.0.1:54882 Closing
meilisearch_1   | [2021-09-25T15:35:56Z INFO  actix_web::middleware::logger] 127.0.0.1:35110 "GET /health HTTP/1.1" 200 22 "-" "Wget" 0.000110
mailhog_1       | [APIv1] KEEPALIVE /api/v1/events
meilisearch_1   | [2021-09-25T15:36:26Z INFO  actix_web::middleware::logger] 127.0.0.1:35114 "GET /health HTTP/1.1" 200 22 "-" "Wget" 0.000083
meilisearch_1   | [2021-09-25T15:36:56Z INFO  actix_web::middleware::logger] 127.0.0.1:35118 "GET /health HTTP/1.1" 200 22 "-" "Wget" 0.000066
mailhog_1       | [APIv1] KEEPALIVE /api/v1/events
meilisearch_1   | [2021-09-25T15:37:26Z INFO  actix_web::middleware::logger] 127.0.0.1:35122 "GET /health HTTP/1.1" 200 22 "-" "Wget" 0.000077
meilisearch_1   | [2021-09-25T15:37:57Z INFO  actix_web::middleware::logger] 127.0.0.1:35126 "GET /health HTTP/1.1" 200 22 "-" "Wget" 0.000069
mailhog_1       | [APIv1] KEEPALIVE /api/v1/events
meilisearch_1   | [2021-09-25T15:38:27Z INFO  actix_web::middleware::logger] 127.0.0.1:35130 "GET /health HTTP/1.1" 200 22 "-" "Wget" 0.000096
meilisearch_1   | [2021-09-25T15:38:57Z INFO  actix_web::middleware::logger] 127.0.0.1:35134 "GET /health HTTP/1.1" 200 22 "-" "Wget" 0.000093
mailhog_1       | [APIv1] KEEPALIVE /api/v1/events
meilisearch_1   | [2021-09-25T15:39:27Z INFO  actix_web::middleware::logger] 127.0.0.1:35138 "GET /health HTTP/1.1" 200 22 "-" "Wget" 0.000077
meilisearch_1   | [2021-09-25T15:39:57Z INFO  actix_web::middleware::logger] 127.0.0.1:35142 "GET /health HTTP/1.1" 200 22 "-" "Wget" 0.000064
mailhog_1       | [APIv1] KEEPALIVE /api/v1/events
meilisearch_1   | [2021-09-25T15:40:28Z INFO  actix_web::middleware::logger] 127.0.0.1:35146 "GET /health HTTP/1.1" 200 22 "-" "Wget" 0.000071
meilisearch_1   | [2021-09-25T15:40:58Z INFO  actix_web::middleware::logger] 127.0.0.1:35150 "GET /health HTTP/1.1" 200 22 "-" "Wget" 0.000077
mailhog_1       | [APIv1] KEEPALIVE /api/v1/events
meilisearch_1   | [2021-09-25T15:41:28Z INFO  actix_web::middleware::logger] 127.0.0.1:35154 "GET /health HTTP/1.1" 200 22 "-" "Wget" 0.000061
meilisearch_1   | [2021-09-25T15:41:58Z INFO  actix_web::middleware::logger] 127.0.0.1:35160 "GET /health HTTP/1.1" 200 22 "-" "Wget" 0.000055
mailhog_1       | [APIv1] KEEPALIVE /api/v1/events
meilisearch_1   | [2021-09-25T15:42:28Z INFO  actix_web::middleware::logger] 127.0.0.1:35164 "GET /health HTTP/1.1" 200 22 "-" "Wget" 0.000054
meilisearch_1   | [2021-09-25T15:42:59Z INFO  actix_web::middleware::logger] 127.0.0.1:35168 "GET /health HTTP/1.1" 200 22 "-" "Wget" 0.000054
mailhog_1       | [APIv1] KEEPALIVE /api/v1/events
meilisearch_1   | [2021-09-25T15:43:29Z INFO  actix_web::middleware::logger] 127.0.0.1:35172 "GET /health HTTP/1.1" 200 22 "-" "Wget" 0.000054
meilisearch_1   | [2021-09-25T15:43:59Z INFO  actix_web::middleware::logger] 127.0.0.1:35176 "GET /health HTTP/1.1" 200 22 "-" "Wget" 0.000062
mailhog_1       | [APIv1] KEEPALIVE /api/v1/events
meilisearch_1   | [2021-09-25T15:44:29Z INFO  actix_web::middleware::logger] 127.0.0.1:35180 "GET /health HTTP/1.1" 200 22 "-" "Wget" 0.000064
laravel.test_1  | [Sat Sep 25 15:44:52 2021] 172.19.0.1:54960 Accepted
laravel.test_1  | [Sat Sep 25 15:44:52 2021] 172.19.0.1:54960 Closed without sending a request; it was probably just an unused speculative preconnection
laravel.test_1  | [Sat Sep 25 15:44:52 2021] 172.19.0.1:54960 Closing
laravel.test_1  | [Sat Sep 25 15:44:52 2021] 172.19.0.1:54966 Accepted
laravel.test_1  | [Sat Sep 25 15:44:52 2021] 172.19.0.1:54966 Closing
meilisearch_1   | [2021-09-25T15:44:59Z INFO  actix_web::middleware::logger] 127.0.0.1:35196 "GET /health HTTP/1.1" 200 22 "-" "Wget" 0.000547
laravel.test_1  | [Sat Sep 25 15:45:02 2021] 172.19.0.1:54976 Accepted
laravel.test_1  | [Sat Sep 25 15:45:02 2021] 172.19.0.1:54976 Closed without sending a request; it was probably just an unused speculative preconnection
laravel.test_1  | [Sat Sep 25 15:45:02 2021] 172.19.0.1:54976 Closing
laravel.test_1  | [Sat Sep 25 15:45:02 2021] 172.19.0.1:54982 Accepted
laravel.test_1  | [Sat Sep 25 15:45:03 2021] 172.19.0.1:54982 Closing
mailhog_1       | [APIv1] KEEPALIVE /api/v1/events
meilisearch_1   | [2021-09-25T15:45:30Z INFO  actix_web::middleware::logger] 127.0.0.1:35212 "GET /health HTTP/1.1" 200 22 "-" "Wget" 0.000105
laravel.test_1  | [Sat Sep 25 15:45:46 2021] 172.19.0.1:54992 Accepted
laravel.test_1  | [Sat Sep 25 15:45:46 2021] 172.19.0.1:54992 Closed without sending a request; it was probably just an unused speculative preconnection
laravel.test_1  | [Sat Sep 25 15:45:46 2021] 172.19.0.1:54992 Closing
laravel.test_1  | [Sat Sep 25 15:45:46 2021] 172.19.0.1:54998 Accepted
laravel.test_1  | [Sat Sep 25 15:45:46 2021] 172.19.0.1:54998 Closing
laravel.test_1  | [Sat Sep 25 15:45:47 2021] 172.19.0.1:55004 Accepted
laravel.test_1  | [Sat Sep 25 15:45:47 2021] 172.19.0.1:55004 Closed without sending a request; it was probably just an unused speculative preconnection
laravel.test_1  | [Sat Sep 25 15:45:47 2021] 172.19.0.1:55004 Closing
laravel.test_1  | [Sat Sep 25 15:45:47 2021] 172.19.0.1:55010 Accepted
laravel.test_1  | [Sat Sep 25 15:45:47 2021] 172.19.0.1:55010 Closing
meilisearch_1   | [2021-09-25T15:46:00Z INFO  actix_web::middleware::logger] 127.0.0.1:35240 "GET /health HTTP/1.1" 200 22 "-" "Wget" 0.000100
laravel.test_1  | [Sat Sep 25 15:46:00 2021] 172.19.0.1:55020 Accepted
laravel.test_1  | [Sat Sep 25 15:46:00 2021] 172.19.0.1:55020 Closed without sending a request; it was probably just an unused speculative preconnection
laravel.test_1  | [Sat Sep 25 15:46:00 2021] 172.19.0.1:55020 Closing
laravel.test_1  | [Sat Sep 25 15:46:00 2021] 172.19.0.1:55026 Accepted
laravel.test_1  | [Sat Sep 25 15:46:00 2021] 172.19.0.1:55026 Closing
mailhog_1       | [APIv1] KEEPALIVE /api/v1/events
meilisearch_1   | [2021-09-25T15:46:30Z INFO  actix_web::middleware::logger] 127.0.0.1:35254 "GET /health HTTP/1.1" 200 22 "-" "Wget" 0.000073
meilisearch_1   | [2021-09-25T15:47:01Z INFO  actix_web::middleware::logger] 127.0.0.1:35260 "GET /health HTTP/1.1" 200 22 "-" "Wget" 0.000118
mailhog_1       | [APIv1] KEEPALIVE /api/v1/events
laravel.test_1  | [Sat Sep 25 15:47:13 2021] 172.19.0.1:55040 Accepted
laravel.test_1  | [Sat Sep 25 15:47:13 2021] 172.19.0.1:55040 Closed without sending a request; it was probably just an unused speculative preconnection
laravel.test_1  | [Sat Sep 25 15:47:13 2021] 172.19.0.1:55040 Closing
laravel.test_1  | [Sat Sep 25 15:47:13 2021] 172.19.0.1:55046 Accepted
laravel.test_1  | [Sat Sep 25 15:47:14 2021] 172.19.0.1:55046 Closing
meilisearch_1   | [2021-09-25T15:47:31Z INFO  actix_web::middleware::logger] 127.0.0.1:35274 "GET /health HTTP/1.1" 200 22 "-" "Wget" 0.000080
meilisearch_1   | [2021-09-25T15:48:02Z INFO  actix_web::middleware::logger] 127.0.0.1:35278 "GET /health HTTP/1.1" 200 22 "-" "Wget" 0.000090
mailhog_1       | [APIv1] KEEPALIVE /api/v1/events
laravel.test_1  | [Sat Sep 25 15:48:25 2021] 172.19.0.1:55062 Accepted
laravel.test_1  | [Sat Sep 25 15:48:25 2021] 172.19.0.1:55062 Closed without sending a request; it was probably just an unused speculative preconnection
laravel.test_1  | [Sat Sep 25 15:48:25 2021] 172.19.0.1:55062 Closing
laravel.test_1  | [Sat Sep 25 15:48:25 2021] 172.19.0.1:55066 Accepted
laravel.test_1  | [Sat Sep 25 15:48:25 2021] 172.19.0.1:55066 Closing
meilisearch_1   | [2021-09-25T15:48:32Z INFO  actix_web::middleware::logger] 127.0.0.1:35294 "GET /health HTTP/1.1" 200 22 "-" "Wget" 0.000071
meilisearch_1   | [2021-09-25T15:49:02Z INFO  actix_web::middleware::logger] 127.0.0.1:35300 "GET /health HTTP/1.1" 200 22 "-" "Wget" 0.000081
mailhog_1       | [APIv1] KEEPALIVE /api/v1/events
meilisearch_1   | [2021-09-25T15:49:32Z INFO  actix_web::middleware::logger] 127.0.0.1:35304 "GET /health HTTP/1.1" 200 22 "-" "Wget" 0.000082
laravel.test_1  | [Sat Sep 25 15:49:57 2021] 172.19.0.1:55082 Accepted
meilisearch_1   | [2021-09-25T15:50:02Z INFO  actix_web::middleware::logger] 127.0.0.1:35312 "GET /health HTTP/1.1" 200 22 "-" "Wget" 0.000058
laravel.test_1  | [Sat Sep 25 15:50:03 2021] 172.19.0.1:55082 Closed without sending a request; it was probably just an unused speculative preconnection
laravel.test_1  | [Sat Sep 25 15:50:03 2021] 172.19.0.1:55082 Closing
mailhog_1       | [APIv1] KEEPALIVE /api/v1/events
meilisearch_1   | [2021-09-25T15:50:32Z INFO  actix_web::middleware::logger] 127.0.0.1:35316 "GET /health HTTP/1.1" 200 22 "-" "Wget" 0.000104
laravel.test_1  | [Sat Sep 25 15:50:52 2021] 172.19.0.1:55096 Accepted
laravel.test_1  | [Sat Sep 25 15:50:52 2021] 172.19.0.1:55096 Closed without sending a request; it was probably just an unused speculative preconnection
laravel.test_1  | [Sat Sep 25 15:50:52 2021] 172.19.0.1:55096 Closing
laravel.test_1  | [Sat Sep 25 15:50:52 2021] 172.19.0.1:55102 Accepted
laravel.test_1  | [Sat Sep 25 15:50:52 2021] 172.19.0.1:55102 Closing
laravel.test_1  | [Sat Sep 25 15:51:01 2021] 172.19.0.1:55112 Accepted
laravel.test_1  | [Sat Sep 25 15:51:01 2021] 172.19.0.1:55114 Accepted
laravel.test_1  | [Sat Sep 25 15:51:01 2021] 172.19.0.1:55114 Closing
laravel.test_1  | [Sat Sep 25 15:51:01 2021] 172.19.0.1:55112 Closed without sending a request; it was probably just an unused speculative preconnection
laravel.test_1  | [Sat Sep 25 15:51:01 2021] 172.19.0.1:55112 Closing
meilisearch_1   | [2021-09-25T15:51:03Z INFO  actix_web::middleware::logger] 127.0.0.1:35344 "GET /health HTTP/1.1" 200 22 "-" "Wget" 0.000062
mailhog_1       | [APIv1] KEEPALIVE /api/v1/events
laravel.test_1  | [Sat Sep 25 15:51:21 2021] 172.19.0.1:55124 Accepted
laravel.test_1  | [Sat Sep 25 15:51:21 2021] 172.19.0.1:55124 Closed without sending a request; it was probably just an unused speculative preconnection
laravel.test_1  | [Sat Sep 25 15:51:21 2021] 172.19.0.1:55124 Closing
laravel.test_1  | [Sat Sep 25 15:51:21 2021] 172.19.0.1:55130 Accepted
laravel.test_1  | [Sat Sep 25 15:51:22 2021] 172.19.0.1:55130 Closing
meilisearch_1   | [2021-09-25T15:51:33Z INFO  actix_web::middleware::logger] 127.0.0.1:35360 "GET /health HTTP/1.1" 200 22 "-" "Wget" 0.000318
meilisearch_1   | [2021-09-25T15:52:05Z INFO  actix_web::middleware::logger] 127.0.0.1:35364 "GET /health HTTP/1.1" 200 22 "-" "Wget" 0.000059
mailhog_1       | [APIv1] KEEPALIVE /api/v1/events
meilisearch_1   | [2021-09-25T15:52:35Z INFO  actix_web::middleware::logger] 127.0.0.1:35368 "GET /health HTTP/1.1" 200 22 "-" "Wget" 0.000064
meilisearch_1   | [2021-09-25T15:53:05Z INFO  actix_web::middleware::logger] 127.0.0.1:35372 "GET /health HTTP/1.1" 200 22 "-" "Wget" 0.000054
mailhog_1       | [APIv1] KEEPALIVE /api/v1/events
laravel.test_1  | [Sat Sep 25 15:53:34 2021] 172.19.0.1:55154 Accepted
laravel.test_1  | [Sat Sep 25 15:53:34 2021] 172.19.0.1:55154 Closed without sending a request; it was probably just an unused speculative preconnection
laravel.test_1  | [Sat Sep 25 15:53:34 2021] 172.19.0.1:55154 Closing
laravel.test_1  | [Sat Sep 25 15:53:34 2021] 172.19.0.1:55160 Accepted
laravel.test_1  | [Sat Sep 25 15:53:35 2021] 172.19.0.1:55160 Closing
mailhog_1       | [APIv1] KEEPALIVE /api/v1/events
meilisearch_1   | [2021-09-25T15:54:15Z INFO  actix_web::middleware::logger] 127.0.0.1:35390 "GET /health HTTP/1.1" 200 22 "-" "Wget" 0.000162
meilisearch_1   | [2021-09-25T15:54:45Z INFO  actix_web::middleware::logger] 127.0.0.1:35394 "GET /health HTTP/1.1" 200 22 "-" "Wget" 0.000080
mailhog_1       | [APIv1] KEEPALIVE /api/v1/events
meilisearch_1   | [2021-09-25T15:55:15Z INFO  actix_web::middleware::logger] 127.0.0.1:35398 "GET /health HTTP/1.1" 200 22 "-" "Wget" 0.000132
laravel.test_1  | [Sat Sep 25 15:55:40 2021] 172.19.0.1:55180 Accepted
laravel.test_1  | [Sat Sep 25 15:55:40 2021] 172.19.0.1:55180 Closed without sending a request; it was probably just an unused speculative preconnection
laravel.test_1  | [Sat Sep 25 15:55:40 2021] 172.19.0.1:55180 Closing
laravel.test_1  | [Sat Sep 25 15:55:40 2021] 172.19.0.1:55186 Accepted
laravel.test_1  | [Sat Sep 25 15:55:40 2021] 172.19.0.1:55186 Closing
meilisearch_1   | [2021-09-25T15:55:46Z INFO  actix_web::middleware::logger] 127.0.0.1:35414 "GET /health HTTP/1.1" 200 22 "-" "Wget" 0.000078
laravel.test_1  | [Sat Sep 25 15:55:56 2021] 172.19.0.1:55196 Accepted
laravel.test_1  | [Sat Sep 25 15:55:56 2021] 172.19.0.1:55196 Closed without sending a request; it was probably just an unused speculative preconnection
laravel.test_1  | [Sat Sep 25 15:55:56 2021] 172.19.0.1:55196 Closing
laravel.test_1  | [Sat Sep 25 15:55:56 2021] 172.19.0.1:55202 Accepted
laravel.test_1  | [Sat Sep 25 15:55:56 2021] 172.19.0.1:55202 Closing
mailhog_1       | [APIv1] KEEPALIVE /api/v1/events
meilisearch_1   | [2021-09-25T15:56:16Z INFO  actix_web::middleware::logger] 127.0.0.1:35432 "GET /health HTTP/1.1" 200 22 "-" "Wget" 0.000076
laravel.test_1  | [Sat Sep 25 15:56:23 2021] 172.19.0.1:55214 Accepted
laravel.test_1  | [Sat Sep 25 15:56:23 2021] 172.19.0.1:55214 Closed without sending a request; it was probably just an unused speculative preconnection
laravel.test_1  | [Sat Sep 25 15:56:23 2021] 172.19.0.1:55214 Closing
laravel.test_1  | [Sat Sep 25 15:56:23 2021] 172.19.0.1:55220 Accepted
laravel.test_1  | [Sat Sep 25 15:56:24 2021] 172.19.0.1:55220 Closing
meilisearch_1   | [2021-09-25T15:56:46Z INFO  actix_web::middleware::logger] 127.0.0.1:35450 "GET /health HTTP/1.1" 200 22 "-" "Wget" 0.000143
laravel.test_1  | [Sat Sep 25 15:56:56 2021] 172.19.0.1:55238 Accepted
laravel.test_1  | [Sat Sep 25 15:56:56 2021] 172.19.0.1:55236 Accepted
laravel.test_1  | [Sat Sep 25 15:56:56 2021] 172.19.0.1:55238 Closing
laravel.test_1  | [Sat Sep 25 15:56:56 2021] 172.19.0.1:55236 Closed without sending a request; it was probably just an unused speculative preconnection
laravel.test_1  | [Sat Sep 25 15:56:56 2021] 172.19.0.1:55236 Closing
laravel.test_1  | [Sat Sep 25 15:56:58 2021] 172.19.0.1:55244 Accepted
laravel.test_1  | [Sat Sep 25 15:56:58 2021] 172.19.0.1:55244 Closed without sending a request; it was probably just an unused speculative preconnection
laravel.test_1  | [Sat Sep 25 15:56:58 2021] 172.19.0.1:55244 Closing
laravel.test_1  | [Sat Sep 25 15:56:58 2021] 172.19.0.1:55250 Accepted
laravel.test_1  | [Sat Sep 25 15:56:58 2021] 172.19.0.1:55250 Closing
laravel.test_1  | [Sat Sep 25 15:57:07 2021] 172.19.0.1:55256 Accepted
laravel.test_1  | [Sat Sep 25 15:57:07 2021] 172.19.0.1:55262 Accepted
laravel.test_1  | [Sat Sep 25 15:57:07 2021] 172.19.0.1:55262 Closing
laravel.test_1  | [Sat Sep 25 15:57:07 2021] 172.19.0.1:55256 Closed without sending a request; it was probably just an unused speculative preconnection
laravel.test_1  | [Sat Sep 25 15:57:07 2021] 172.19.0.1:55256 Closing
mailhog_1       | [APIv1] KEEPALIVE /api/v1/events
meilisearch_1   | [2021-09-25T15:57:16Z INFO  actix_web::middleware::logger] 127.0.0.1:35490 "GET /health HTTP/1.1" 200 22 "-" "Wget" 0.000059
laravel.test_1  | [Sat Sep 25 15:57:22 2021] 172.19.0.1:55272 Accepted
laravel.test_1  | [Sat Sep 25 15:57:22 2021] 172.19.0.1:55272 Closed without sending a request; it was probably just an unused speculative preconnection
laravel.test_1  | [Sat Sep 25 15:57:22 2021] 172.19.0.1:55272 Closing
laravel.test_1  | [Sat Sep 25 15:57:22 2021] 172.19.0.1:55278 Accepted
laravel.test_1  | [Sat Sep 25 15:57:22 2021] 172.19.0.1:55278 Closing
meilisearch_1   | [2021-09-25T15:57:46Z INFO  actix_web::middleware::logger] 127.0.0.1:35508 "GET /health HTTP/1.1" 200 22 "-" "Wget" 0.000139
laravel.test_1  | [Sat Sep 25 15:57:48 2021] 172.19.0.1:55290 Accepted
laravel.test_1  | [Sat Sep 25 15:57:48 2021] 172.19.0.1:55290 Closed without sending a request; it was probably just an unused speculative preconnection
laravel.test_1  | [Sat Sep 25 15:57:48 2021] 172.19.0.1:55290 Closing
laravel.test_1  | [Sat Sep 25 15:57:48 2021] 172.19.0.1:55296 Accepted
laravel.test_1  | [Sat Sep 25 15:57:48 2021] 172.19.0.1:55296 Closing
laravel.test_1  | [Sat Sep 25 15:58:09 2021] 172.19.0.1:55304 Accepted
laravel.test_1  | [Sat Sep 25 15:58:09 2021] 172.19.0.1:55304 Closed without sending a request; it was probably just an unused speculative preconnection
laravel.test_1  | [Sat Sep 25 15:58:09 2021] 172.19.0.1:55304 Closing
laravel.test_1  | [Sat Sep 25 15:58:09 2021] 172.19.0.1:55310 Accepted
laravel.test_1  | [Sat Sep 25 15:58:09 2021] 172.19.0.1:55310 Closing
mailhog_1       | [APIv1] KEEPALIVE /api/v1/events
meilisearch_1   | [2021-09-25T15:58:17Z INFO  actix_web::middleware::logger] 127.0.0.1:35538 "GET /health HTTP/1.1" 200 22 "-" "Wget" 0.000070
meilisearch_1   | [2021-09-25T15:58:47Z INFO  actix_web::middleware::logger] 127.0.0.1:35542 "GET /health HTTP/1.1" 200 22 "-" "Wget" 0.000070
mailhog_1       | [APIv1] KEEPALIVE /api/v1/events
meilisearch_1   | [2021-09-25T15:59:17Z INFO  actix_web::middleware::logger] 127.0.0.1:35546 "GET /health HTTP/1.1" 200 22 "-" "Wget" 0.000092
meilisearch_1   | [2021-09-25T15:59:47Z INFO  actix_web::middleware::logger] 127.0.0.1:35550 "GET /health HTTP/1.1" 200 22 "-" "Wget" 0.000054
mailhog_1       | [APIv1] KEEPALIVE /api/v1/events
meilisearch_1   | [2021-09-25T16:00:17Z INFO  actix_web::middleware::logger] 127.0.0.1:35554 "GET /health HTTP/1.1" 200 22 "-" "Wget" 0.000057
meilisearch_1   | [2021-09-25T16:00:48Z INFO  actix_web::middleware::logger] 127.0.0.1:35558 "GET /health HTTP/1.1" 200 22 "-" "Wget" 0.000060
mailhog_1       | [APIv1] KEEPALIVE /api/v1/events
meilisearch_1   | [2021-09-25T16:01:18Z INFO  actix_web::middleware::logger] 127.0.0.1:35562 "GET /health HTTP/1.1" 200 22 "-" "Wget" 0.000054
laravel.test_1  | [Sat Sep 25 16:01:18 2021] 172.19.0.1:55342 Accepted
laravel.test_1  | [Sat Sep 25 16:01:18 2021] 172.19.0.1:55342 Closed without sending a request; it was probably just an unused speculative preconnection
laravel.test_1  | [Sat Sep 25 16:01:18 2021] 172.19.0.1:55342 Closing
laravel.test_1  | [Sat Sep 25 16:01:18 2021] 172.19.0.1:55348 Accepted
laravel.test_1  | [Sat Sep 25 16:01:18 2021] 172.19.0.1:55348 Closing
laravel.test_1  | [Sat Sep 25 16:01:43 2021] 172.19.0.1:55356 Accepted
laravel.test_1  | [Sat Sep 25 16:01:43 2021] 172.19.0.1:55356 Closed without sending a request; it was probably just an unused speculative preconnection
laravel.test_1  | [Sat Sep 25 16:01:43 2021] 172.19.0.1:55356 Closing
laravel.test_1  | [Sat Sep 25 16:01:43 2021] 172.19.0.1:55362 Accepted
laravel.test_1  | [Sat Sep 25 16:01:43 2021] 172.19.0.1:55362 Closing
meilisearch_1   | [2021-09-25T16:01:48Z INFO  actix_web::middleware::logger] 127.0.0.1:35590 "GET /health HTTP/1.1" 200 22 "-" "Wget" 0.000230
mailhog_1       | [APIv1] KEEPALIVE /api/v1/events
meilisearch_1   | [2021-09-25T16:02:18Z INFO  actix_web::middleware::logger] 127.0.0.1:35594 "GET /health HTTP/1.1" 200 22 "-" "Wget" 0.000056
meilisearch_1   | [2021-09-25T16:02:48Z INFO  actix_web::middleware::logger] 127.0.0.1:35598 "GET /health HTTP/1.1" 200 22 "-" "Wget" 0.000051
mailhog_1       | [APIv1] KEEPALIVE /api/v1/events
meilisearch_1   | [2021-09-25T16:03:19Z INFO  actix_web::middleware::logger] 127.0.0.1:35602 "GET /health HTTP/1.1" 200 22 "-" "Wget" 0.000063
meilisearch_1   | [2021-09-25T16:03:49Z INFO  actix_web::middleware::logger] 127.0.0.1:35606 "GET /health HTTP/1.1" 200 22 "-" "Wget" 0.000084
mailhog_1       | [APIv1] KEEPALIVE /api/v1/events
meilisearch_1   | [2021-09-25T16:04:19Z INFO  actix_web::middleware::logger] 127.0.0.1:35610 "GET /health HTTP/1.1" 200 22 "-" "Wget" 0.000048
laravel.test_1  | [Sat Sep 25 16:04:28 2021] 172.19.0.1:55396 Accepted
laravel.test_1  | [Sat Sep 25 16:04:28 2021] 172.19.0.1:55398 Accepted
laravel.test_1  | [Sat Sep 25 16:04:29 2021] 172.19.0.1:55396 Closing
laravel.test_1  | [Sat Sep 25 16:04:29 2021] 172.19.0.1:55398 Closed without sending a request; it was probably just an unused speculative preconnection
laravel.test_1  | [Sat Sep 25 16:04:29 2021] 172.19.0.1:55398 Closing
meilisearch_1   | [2021-09-25T16:04:49Z INFO  actix_web::middleware::logger] 127.0.0.1:35628 "GET /health HTTP/1.1" 200 22 "-" "Wget" 0.000055
laravel.test_1  | [Sat Sep 25 16:04:55 2021] 172.19.0.1:55410 Accepted
laravel.test_1  | [Sat Sep 25 16:04:55 2021] 172.19.0.1:55410 Closed without sending a request; it was probably just an unused speculative preconnection
laravel.test_1  | [Sat Sep 25 16:04:55 2021] 172.19.0.1:55410 Closing
laravel.test_1  | [Sat Sep 25 16:04:55 2021] 172.19.0.1:55416 Accepted
laravel.test_1  | [Sat Sep 25 16:04:56 2021] 172.19.0.1:55416 Closing
mailhog_1       | [APIv1] KEEPALIVE /api/v1/events
meilisearch_1   | [2021-09-25T16:05:19Z INFO  actix_web::middleware::logger] 127.0.0.1:35646 "GET /health HTTP/1.1" 200 22 "-" "Wget" 0.000056
meilisearch_1   | [2021-09-25T16:05:49Z INFO  actix_web::middleware::logger] 127.0.0.1:35650 "GET /health HTTP/1.1" 200 22 "-" "Wget" 0.000060
mailhog_1       | [APIv1] KEEPALIVE /api/v1/events
meilisearch_1   | [2021-09-25T16:06:20Z INFO  actix_web::middleware::logger] 127.0.0.1:35654 "GET /health HTTP/1.1" 200 22 "-" "Wget" 0.000061
meilisearch_1   | [2021-09-25T16:06:50Z INFO  actix_web::middleware::logger] 127.0.0.1:35658 "GET /health HTTP/1.1" 200 22 "-" "Wget" 0.000056
mailhog_1       | [APIv1] KEEPALIVE /api/v1/events
meilisearch_1   | [2021-09-25T16:07:20Z INFO  actix_web::middleware::logger] 127.0.0.1:35662 "GET /health HTTP/1.1" 200 22 "-" "Wget" 0.000054
meilisearch_1   | [2021-09-25T16:07:50Z INFO  actix_web::middleware::logger] 127.0.0.1:35666 "GET /health HTTP/1.1" 200 22 "-" "Wget" 0.000051
mailhog_1       | [APIv1] KEEPALIVE /api/v1/events
meilisearch_1   | [2021-09-25T16:08:20Z INFO  actix_web::middleware::logger] 127.0.0.1:35672 "GET /health HTTP/1.1" 200 22 "-" "Wget" 0.000176
meilisearch_1   | [2021-09-25T16:08:50Z INFO  actix_web::middleware::logger] 127.0.0.1:35676 "GET /health HTTP/1.1" 200 22 "-" "Wget" 0.000049
mailhog_1       | [APIv1] KEEPALIVE /api/v1/events
meilisearch_1   | [2021-09-25T16:09:21Z INFO  actix_web::middleware::logger] 127.0.0.1:35680 "GET /health HTTP/1.1" 200 22 "-" "Wget" 0.000049
meilisearch_1   | [2021-09-25T16:09:51Z INFO  actix_web::middleware::logger] 127.0.0.1:35684 "GET /health HTTP/1.1" 200 22 "-" "Wget" 0.000128
mailhog_1       | [APIv1] KEEPALIVE /api/v1/events
meilisearch_1   | [2021-09-25T16:10:21Z INFO  actix_web::middleware::logger] 127.0.0.1:35690 "GET /health HTTP/1.1" 200 22 "-" "Wget" 0.000050
